// Jest Snapshot v1, https://goo.gl/fbAQLP

exports[`Test over GifGridItem component should render the component 1`] = `
<div
  className="card animate__animated animate__fadeIn"
>
  <img
    alt="Elemento individual a renderizar"
    src="http://localhost:3000"
  />
  <p>
    Elemento individual a renderizar
  </p>
</div>
`;
